proof --backend-free: `import mlx.core` succeeds with a plain env and raises under the shim, so every line below ran with the backend genuinely gone.
  OK   `flash --version` prints one line, exits 0, and carries the package's own version ('flash 0.0.1') rather than a copy that can go stale in a parser
  OK   ...and the line has the shape a script can parse — a bare `flash <x.y.z>` — so changing its format is a decision rather than an accident
  OK   `flash doctor` parses to a command
  OK   `flash doctor --json` parses to a command
  OK   `flash selftest --all` parses to a command
  OK   `flash selftest --all --backend-free` parses to a command
  OK   `flash selftest --all --quick harness` parses to a command
  OK   install_shape tells apart the two installs this project ships — a wheel has no benchmarks/ beside the package, a checkout does. One report function that answered them alike would be a README in disguise
  OK   ...and it counts the corpora it finds, so a `benchmarks/` holding nothing cannot read as a full install
  OK   `editable checkout` versus `installed copy` is read off the package's own path, not off `sys.executable` — a `flash` under `lib/python3.11/site-packages/` answers installed even though the interpreter running this check resolves through a venv symlink to a prefix that is not its own (R-7.5's wheel witness had this one line lying about a `pip install .`)
  OK   an install with no verification surface is told so, and the line names what to do about it rather than only failing
  OK   a box with no MLX hears that generation is missing AND that the offline battery still runs — R-7.7's promise, placed in the report a stranger reads first
  OK   report() prints one mark per answer and no Python residue — no `None`, no traceback, no raw dict — because this text is the install's first impression
  OK   ...and a complete install's report carries ZERO `no` marks and says so
  OK   the tools answer comes from an actual import: asked about a module nobody wrote, `vector_tools` says no about it, and its answers about the four real ones match what a child process reports for the same names
  OK   an interpreter below the floor IS a `no`, while a governor this platform cannot read is not — the two kinds of bad news the report must keep apart
  OK   ...and the line that says no names the version it wanted, so the reader knows what to install
  OK   `doctor`'s python floor (3.11) is the one in `pyproject.toml` — a report that checks a different number than the package does is two claims, and one of them is stale
  OK   a broken install's report says no to exactly its own failures — 5 of 9 answers, computed per line, not one banner over the whole page
  OK   the exit code follows the page: 1 for the synthetic broken install, 0 for the synthetic complete one (got 1 and 0) — a CI job that exits 0 on a red report is worse than no job
  OK   `flash doctor --json` prints parseable JSON carrying every section the text report walks through
  OK   `flash selftest --all` on an install with no battery REFUSES with rc 2 and names the missing path instead of printing a total from vectors that never ran — the lesson R-7.5 learned from `flash.graph --selftest`
  OK   `flash selftest` with no --all explains the flag rather than quietly running something smaller and looking like a pass
  OK   the `--backend-free` shim really blocks `import mlx.core` in a child, and the failure carries the shim's own sentence — so a blocked package and an absent one cannot be confused, including on a box that has no MLX to lose
  OK   ...and it blocks ONLY the backend: numpy, json and sqlite3 still import under it — a blanket blocker would 'prove' the claim by making the battery impossible to run
  OK   the battery's own installer puts the shim FIRST on the PYTHONPATH its children inherit, and the proof names what it found on this box (plain `import mlx.core`: succeeds)
  OK   `battery_reread --backend-free --quick harness` proves the blocker before it prints a fraction, and says out loud that a --quick total is not a §6 re-read
  OK   `flash selftest --all` is a thin wrapper: the same line, the same fraction, printed through the CLI
  OK   with the backend blocked, `import flash.decide` and `import flash.route` succeed — R-7.7's replacement for the old build, which failed at import and took the router and every caller of it down with it
  OK   EVERY submodule of `flash` imports with the backend blocked, not just the two that used to fail — R-7.7's clause is that the numerator equals the denominator, and a sweep is the only way a new module cannot quietly join the failures (SWEEP 27/27)
  OK   ...and the CALL that needs the backend is the one that says so, as a RuntimeError naming MLX rather than a ModuleNotFoundError or a tokenizer crash — a caller can print that sentence to a user
  OK   `python -m flash.debug --selftest` on a wheel-shaped install refuses instead of raising: exit 2, one sentence naming the missing path, and no traceback for a stranger to read as a bug in the package
  OK   `python -m flash.grammar --selftest` on a wheel-shaped install refuses instead of raising: exit 2, one sentence naming the missing path, and no traceback for a stranger to read as a bug in the package
  OK   `python -m flash.graph --selftest` on a wheel-shaped install refuses instead of raising: exit 2, one sentence naming the missing path, and no traceback for a stranger to read as a bug in the package
  OK   `python -m flash.lsp --selftest` on a wheel-shaped install refuses instead of raising: exit 2, one sentence naming the missing path, and no traceback for a stranger to read as a bug in the package
  OK   `python -m flash.patches --selftest` on a wheel-shaped install refuses instead of raising: exit 2, one sentence naming the missing path, and no traceback for a stranger to read as a bug in the package
  OK   `python -m flash.tourney --selftest` on a wheel-shaped install refuses instead of raising: exit 2, one sentence naming the missing path, and no traceback for a stranger to read as a bug in the package
  OK   the same 6 guards, at a root that DOES carry the 6 paths, say nothing — the refusal above is a fact about the tree and not a constant, which is the difference between 'run this from a clone' and a vector that can never run
  OK   the table is a claim about the DATA tree, not the package: every path in it sits under `benchmarks/`, and the 6 modules it names are exactly the ones carrying the `_DATA_ROOT` seam this vector repoints — a package-side path would make the guard answer 'present' forever, which is a silent version of the bug it exists to fix
  OK   the package-only sweep has a spine: it ran 16 module selftests in a copy that carries no `benchmarks/`, 6 of them refused with the shared sentence and those are exactly the table's keys, and every module it swept has the `__main__` tail that makes `python -m` reach it at all — so 'nothing on this list dies unexplained' cannot be green because the sweep collected nothing or ran a module that cannot be run
  OK   ...and no module dies on a package-only tree unless the table names it: a selftest that passes once the data is symlinked back in was reading the tree, and owes a stranger rc 2 with a sentence instead of a traceback or a FAIL line whose cause is an absent directory. Each untabled failure is re-run in the bare copy first (0 of them passed the second time and are therefore timing, not data), because a data-dependence is deterministic and a wall-clock budget is not
  OK   ...and a failure that survives the data coming back is one of the three named machine-state vectors (ambient, power, sandbox), never a silently-skipped module: the sweep is allowed to be honest about a loaded box, and the price is that the list is checked in both directions
  OK   the same 16 selftests re-run in the same package-only copy with `mlx`, `mlx_lm` and `mlx_vlm` unimportable: every one of them answers with its fraction or with the shared refusal, and not one reaches for the backend — which is the claim a stranger's `pip install .` on Linux actually gets, measured on the machine that cannot run it rather than asserted from the one that can (0 deaths)
  OK   ...and the block is live in the interpreter that arm used: `import mlx_lm.lora` under the same environment the swept children inherited raises with the shim's own sentence, so the line above cannot be green because the shipped `BLOCKED` list lost a name and the second arm quietly became a re-run of the first
  OK   `battery_reread --backend-free --quick grammar session` answers rc 0 with a REFUSED line per row and no BAD line, each line showing that row's OWN cause sentence after the dash — and the rows the child refused are exactly the names this process's `backend` list carries. The child reads the lists off disk and the parent reads the ones it was handed, so the two agreeing is a measurement, not a tautology: a list that names a row no lane ever saw die is a note, and a lane that forgives a row the list has no name for is a freebie
  OK   the decoder reads CAUSES, not words. Three deaths it must read: the shim's own sentence and a Linux `ModuleNotFoundError: No module named 'mlx_lm'` both decode as backend-bound (they are the same fact about two machines), and the governor's clamp decodes as machine-bound. Seven it must not: an unrelated `AssertionError: expected 5 got 4`, a healthy line that merely NAMES `mlx_lm`, and empty output — in either arm, so the two causes cannot cross-talk — and when it does read a cause it returns the sentence itself, because the REFUSED line's evidence is the row's own words, not a byte count. `if 'mlx' in out` would be green on every one of the ten cases above and would forgive a real bug on the one platform that has the backend
  OK   the lists are legal battery arithmetic: all 3 named rows are real `BATTERY` labels, the two arms are disjoint, every row carries its own reason sentence rather than a placeholder, each row's kind is a key `CLAIM` actually sums, and the subtraction uses the row's own counts — `lane_claim([])` is §6 untouched, an 81-check 26-mutant row drops the claim by exactly 81 and 26, and an oracle row with no mutants moves `oracle` and still leaves `mutants` alone. A list that subtracts a number the row does not print makes the lane's subtotal mean nothing, which is the failure this whole mechanism exists to avoid
  OK   ...and the same killed row is a BAD line in the plain lane: `battery_reread --quick grammar` run with the block on its PYTHONPATH but WITHOUT --backend-free exits non-zero, prints no `proof --backend-free` line and no REFUSED line, and says in its own note which lane will not refuse this one — read beside `refusal_map(False)`, which is the machine arm only, so the §6 denominator cannot drift depending on who happened to export a PYTHONPATH

backend-free checks: 48/48 passed
proof --backend-free: `import mlx.core` succeeds with a plain env and raises under the shim, so every line below ran with the backend genuinely gone.
  ok   MUTATION: `vector_tools` stops probing and reports every module present, so the report forgives an install whose battery would fail on the first import -> 1 check(s) fail ['the tools answer comes from an act']
proof --backend-free: `import mlx.core` succeeds with a plain env and raises under the shim, so every line below ran with the backend genuinely gone.
  ok   MUTATION: `install_shape` reports the tree it is running IN rather than the one it was asked about, so a wheel install reads as a checkout -> 5 check(s) fail ['install_shape tells apart the two ', '...and it counts the corpora it fi']
proof --backend-free: `import mlx.core` succeeds with a plain env and raises under the shim, so every line below ran with the backend genuinely gone.
  ok   MUTATION: `dispatch` returns 0 whatever the report said — a red page, a green badge -> 1 check(s) fail ['the exit code follows the page: 1 ']
  ok   MUTATION: `--backend-free` installs the shim and forgets to put it on the environment its children inherit, so the flag 'proves' a claim it never tested -> 1 check(s) fail ["the battery's own installer puts t"]
proof --backend-free: `import mlx.core` succeeds with a plain env and raises under the shim, so every line below ran with the backend genuinely gone.
  ok   MUTATION: a new submodule grows a top-level `import mlx.core`, which is the exact R-7.7 regression the sweep exists to catch — planted on disk, not stubbed in memory, because the claim is about what a child process can import -> 1 check(s) fail ['EVERY submodule of `flash` imports']
proof --backend-free: `import mlx.core` succeeds with a plain env and raises under the shim, so every line below ran with the backend genuinely gone.
  ok   MUTATION: the wheel-install guard answers 'missing' even when the data tree is there, which turns every clone-only vector off with a polite sentence and a green exit-2 -> 1 check(s) fail ['the same 6 guards, at a root that ']
proof --backend-free: `import mlx.core` succeeds with a plain env and raises under the shim, so every line below ran with the backend genuinely gone.
  ok   MUTATION: a `VECTOR_DATA` path moves inside `flash/`, where every install has it, so the guard's predicate silently becomes 'nothing to check' -> 1 check(s) fail ['the table is a claim about the DAT']
proof --backend-free: `import mlx.core` succeeds with a plain env and raises under the shim, so every line below ran with the backend genuinely gone.
  ok   MUTATION: the shape's editable answer goes back to reading `sys.executable`, which resolves through the venv symlink, so a `pip install .` reports itself as an editable checkout — the wheel witness's line -> 1 check(s) fail ['`editable checkout` versus `instal']
proof --backend-free: `import mlx.core` succeeds with a plain env and raises under the shim, so every line below ran with the backend genuinely gone.
  ok   MUTATION: a new module selftest reads the data tree beside the package and joins no table — planted as a real file in `flash/`, because the claim is about what a stranger's child process does on a package-only install, not about an attribute in this one -> 2 check(s) fail ['...and no module dies on a package', 'the same 17 selftests re-run in th']
proof --backend-free: `import mlx.core` succeeds with a plain env and raises under the shim, so every line below ran with the backend genuinely gone.
  ok   MUTATION: one module leaves `VECTOR_DATA` while its guard stays wired, so the table under-claims the package and the sweep's refusals stop matching it -> 3 check(s) fail ['the same 5 guards, at a root that ', 'the table is a claim about the DAT']
proof --backend-free: `import mlx.core` succeeds with a plain env and raises under the shim, so every line below ran with the backend genuinely gone.
  ok   MUTATION: a module's selftest imports the trainer library on its offline path: green on every Mac, red on every other install, which is the exact shape the first ubuntu runner reported — planted as a real file because the claim is about a child process -> 1 check(s) fail ['the same 17 selftests re-run in th']
proof --backend-free: `import mlx.core` succeeds with a plain env and raises under the shim, so every line below ran with the backend genuinely gone.
  ok   MUTATION: the lane's decoder matches on the shape of an output instead of its cause, so every death in every row is forgiven as 'the backend was missing' and a real crash prints REFUSED with a green exit -> 1 check(s) fail ['the decoder reads CAUSES, not word']
proof --backend-free: `import mlx.core` succeeds with a plain env and raises under the shim, so every line below ran with the backend genuinely gone.
  ok   MUTATION: a backend-bound row leaves `REFUSAL['backend']` while the lane keeps refusing it on the machine that has the backend, so the list under-claims and the lane's subtotal is computed against rows that never died here -> 1 check(s) fail ['`battery_reread --backend-free --q']
proof --backend-free: `import mlx.core` succeeds with a plain env and raises under the shim, so every line below ran with the backend genuinely gone.
  ok   MUTATION: `refusal_map` stops asking which lane it is in and opens the backend arm to the plain run, which is the one platform where a backend death might be a bug — §6's totals then come from a run that forgave a row -> 1 check(s) fail ['...and the same killed row is a BA']

backend-free mutants: 14/14 gates defeated by exactly their checks
proof --backend-free: `import mlx.core` succeeds with a plain env and raises under the shim, so every line below ran with the backend genuinely gone.
  OK   `flash --version` prints one line, exits 0, and carries the package's own version ('flash 0.0.1') rather than a copy that can go stale in a parser
  OK   ...and the line has the shape a script can parse — a bare `flash <x.y.z>` — so changing its format is a decision rather than an accident
  OK   `flash doctor` parses to a command
  OK   `flash doctor --json` parses to a command
  OK   `flash selftest --all` parses to a command
  OK   `flash selftest --all --backend-free` parses to a command
  OK   `flash selftest --all --quick harness` parses to a command
  OK   install_shape tells apart the two installs this project ships — a wheel has no benchmarks/ beside the package, a checkout does. One report function that answered them alike would be a README in disguise
  OK   ...and it counts the corpora it finds, so a `benchmarks/` holding nothing cannot read as a full install
  OK   `editable checkout` versus `installed copy` is read off the package's own path, not off `sys.executable` — a `flash` under `lib/python3.11/site-packages/` answers installed even though the interpreter running this check resolves through a venv symlink to a prefix that is not its own (R-7.5's wheel witness had this one line lying about a `pip install .`)
  OK   an install with no verification surface is told so, and the line names what to do about it rather than only failing
  OK   a box with no MLX hears that generation is missing AND that the offline battery still runs — R-7.7's promise, placed in the report a stranger reads first
  OK   report() prints one mark per answer and no Python residue — no `None`, no traceback, no raw dict — because this text is the install's first impression
  OK   ...and a complete install's report carries ZERO `no` marks and says so
  OK   the tools answer comes from an actual import: asked about a module nobody wrote, `vector_tools` says no about it, and its answers about the four real ones match what a child process reports for the same names
  OK   an interpreter below the floor IS a `no`, while a governor this platform cannot read is not — the two kinds of bad news the report must keep apart
  OK   ...and the line that says no names the version it wanted, so the reader knows what to install
  OK   `doctor`'s python floor (3.11) is the one in `pyproject.toml` — a report that checks a different number than the package does is two claims, and one of them is stale
  OK   a broken install's report says no to exactly its own failures — 5 of 9 answers, computed per line, not one banner over the whole page
  OK   the exit code follows the page: 1 for the synthetic broken install, 0 for the synthetic complete one (got 1 and 0) — a CI job that exits 0 on a red report is worse than no job
  OK   `flash doctor --json` prints parseable JSON carrying every section the text report walks through
  OK   `flash selftest --all` on an install with no battery REFUSES with rc 2 and names the missing path instead of printing a total from vectors that never ran — the lesson R-7.5 learned from `flash.graph --selftest`
  OK   `flash selftest` with no --all explains the flag rather than quietly running something smaller and looking like a pass
  OK   the `--backend-free` shim really blocks `import mlx.core` in a child, and the failure carries the shim's own sentence — so a blocked package and an absent one cannot be confused, including on a box that has no MLX to lose
  OK   ...and it blocks ONLY the backend: numpy, json and sqlite3 still import under it — a blanket blocker would 'prove' the claim by making the battery impossible to run
  OK   the battery's own installer puts the shim FIRST on the PYTHONPATH its children inherit, and the proof names what it found on this box (plain `import mlx.core`: succeeds)
  OK   `battery_reread --backend-free --quick harness` proves the blocker before it prints a fraction, and says out loud that a --quick total is not a §6 re-read
  OK   `flash selftest --all` is a thin wrapper: the same line, the same fraction, printed through the CLI
  OK   with the backend blocked, `import flash.decide` and `import flash.route` succeed — R-7.7's replacement for the old build, which failed at import and took the router and every caller of it down with it
  OK   EVERY submodule of `flash` imports with the backend blocked, not just the two that used to fail — R-7.7's clause is that the numerator equals the denominator, and a sweep is the only way a new module cannot quietly join the failures (SWEEP 27/27)
  OK   ...and the CALL that needs the backend is the one that says so, as a RuntimeError naming MLX rather than a ModuleNotFoundError or a tokenizer crash — a caller can print that sentence to a user
  OK   `python -m flash.debug --selftest` on a wheel-shaped install refuses instead of raising: exit 2, one sentence naming the missing path, and no traceback for a stranger to read as a bug in the package
  OK   `python -m flash.grammar --selftest` on a wheel-shaped install refuses instead of raising: exit 2, one sentence naming the missing path, and no traceback for a stranger to read as a bug in the package
  OK   `python -m flash.graph --selftest` on a wheel-shaped install refuses instead of raising: exit 2, one sentence naming the missing path, and no traceback for a stranger to read as a bug in the package
  OK   `python -m flash.lsp --selftest` on a wheel-shaped install refuses instead of raising: exit 2, one sentence naming the missing path, and no traceback for a stranger to read as a bug in the package
  OK   `python -m flash.patches --selftest` on a wheel-shaped install refuses instead of raising: exit 2, one sentence naming the missing path, and no traceback for a stranger to read as a bug in the package
  OK   `python -m flash.tourney --selftest` on a wheel-shaped install refuses instead of raising: exit 2, one sentence naming the missing path, and no traceback for a stranger to read as a bug in the package
  OK   the same 6 guards, at a root that DOES carry the 6 paths, say nothing — the refusal above is a fact about the tree and not a constant, which is the difference between 'run this from a clone' and a vector that can never run
  OK   the table is a claim about the DATA tree, not the package: every path in it sits under `benchmarks/`, and the 6 modules it names are exactly the ones carrying the `_DATA_ROOT` seam this vector repoints — a package-side path would make the guard answer 'present' forever, which is a silent version of the bug it exists to fix
  OK   the package-only sweep has a spine: it ran 16 module selftests in a copy that carries no `benchmarks/`, 6 of them refused with the shared sentence and those are exactly the table's keys, and every module it swept has the `__main__` tail that makes `python -m` reach it at all — so 'nothing on this list dies unexplained' cannot be green because the sweep collected nothing or ran a module that cannot be run
  OK   ...and no module dies on a package-only tree unless the table names it: a selftest that passes once the data is symlinked back in was reading the tree, and owes a stranger rc 2 with a sentence instead of a traceback or a FAIL line whose cause is an absent directory. Each untabled failure is re-run in the bare copy first (0 of them passed the second time and are therefore timing, not data), because a data-dependence is deterministic and a wall-clock budget is not
  OK   ...and a failure that survives the data coming back is one of the three named machine-state vectors (ambient, power, sandbox), never a silently-skipped module: the sweep is allowed to be honest about a loaded box, and the price is that the list is checked in both directions
  OK   the same 16 selftests re-run in the same package-only copy with `mlx`, `mlx_lm` and `mlx_vlm` unimportable: every one of them answers with its fraction or with the shared refusal, and not one reaches for the backend — which is the claim a stranger's `pip install .` on Linux actually gets, measured on the machine that cannot run it rather than asserted from the one that can (0 deaths)
  OK   ...and the block is live in the interpreter that arm used: `import mlx_lm.lora` under the same environment the swept children inherited raises with the shim's own sentence, so the line above cannot be green because the shipped `BLOCKED` list lost a name and the second arm quietly became a re-run of the first
  OK   `battery_reread --backend-free --quick grammar session` answers rc 0 with a REFUSED line per row and no BAD line, each line showing that row's OWN cause sentence after the dash — and the rows the child refused are exactly the names this process's `backend` list carries. The child reads the lists off disk and the parent reads the ones it was handed, so the two agreeing is a measurement, not a tautology: a list that names a row no lane ever saw die is a note, and a lane that forgives a row the list has no name for is a freebie
  OK   the decoder reads CAUSES, not words. Three deaths it must read: the shim's own sentence and a Linux `ModuleNotFoundError: No module named 'mlx_lm'` both decode as backend-bound (they are the same fact about two machines), and the governor's clamp decodes as machine-bound. Seven it must not: an unrelated `AssertionError: expected 5 got 4`, a healthy line that merely NAMES `mlx_lm`, and empty output — in either arm, so the two causes cannot cross-talk — and when it does read a cause it returns the sentence itself, because the REFUSED line's evidence is the row's own words, not a byte count. `if 'mlx' in out` would be green on every one of the ten cases above and would forgive a real bug on the one platform that has the backend
  OK   the lists are legal battery arithmetic: all 3 named rows are real `BATTERY` labels, the two arms are disjoint, every row carries its own reason sentence rather than a placeholder, each row's kind is a key `CLAIM` actually sums, and the subtraction uses the row's own counts — `lane_claim([])` is §6 untouched, an 81-check 26-mutant row drops the claim by exactly 81 and 26, and an oracle row with no mutants moves `oracle` and still leaves `mutants` alone. A list that subtracts a number the row does not print makes the lane's subtotal mean nothing, which is the failure this whole mechanism exists to avoid
  OK   ...and the same killed row is a BAD line in the plain lane: `battery_reread --quick grammar` run with the block on its PYTHONPATH but WITHOUT --backend-free exits non-zero, prints no `proof --backend-free` line and no REFUSED line, and says in its own note which lane will not refuse this one — read beside `refusal_map(False)`, which is the machine arm only, so the §6 denominator cannot drift depending on who happened to export a PYTHONPATH

backend-free checks: 48/48 passed
proof --backend-free: `import mlx.core` succeeds with a plain env and raises under the shim, so every line below ran with the backend genuinely gone.
  ok   MUTATION: `vector_tools` stops probing and reports every module present, so the report forgives an install whose battery would fail on the first import -> 1 check(s) fail ['the tools answer comes from an act']
proof --backend-free: `import mlx.core` succeeds with a plain env and raises under the shim, so every line below ran with the backend genuinely gone.
  ok   MUTATION: `install_shape` reports the tree it is running IN rather than the one it was asked about, so a wheel install reads as a checkout -> 5 check(s) fail ['install_shape tells apart the two ', '...and it counts the corpora it fi']
proof --backend-free: `import mlx.core` succeeds with a plain env and raises under the shim, so every line below ran with the backend genuinely gone.
  ok   MUTATION: `dispatch` returns 0 whatever the report said — a red page, a green badge -> 1 check(s) fail ['the exit code follows the page: 1 ']
  ok   MUTATION: `--backend-free` installs the shim and forgets to put it on the environment its children inherit, so the flag 'proves' a claim it never tested -> 1 check(s) fail ["the battery's own installer puts t"]
proof --backend-free: `import mlx.core` succeeds with a plain env and raises under the shim, so every line below ran with the backend genuinely gone.
  ok   MUTATION: a new submodule grows a top-level `import mlx.core`, which is the exact R-7.7 regression the sweep exists to catch — planted on disk, not stubbed in memory, because the claim is about what a child process can import -> 1 check(s) fail ['EVERY submodule of `flash` imports']
proof --backend-free: `import mlx.core` succeeds with a plain env and raises under the shim, so every line below ran with the backend genuinely gone.
  ok   MUTATION: the wheel-install guard answers 'missing' even when the data tree is there, which turns every clone-only vector off with a polite sentence and a green exit-2 -> 1 check(s) fail ['the same 6 guards, at a root that ']
proof --backend-free: `import mlx.core` succeeds with a plain env and raises under the shim, so every line below ran with the backend genuinely gone.
  ok   MUTATION: a `VECTOR_DATA` path moves inside `flash/`, where every install has it, so the guard's predicate silently becomes 'nothing to check' -> 1 check(s) fail ['the table is a claim about the DAT']
proof --backend-free: `import mlx.core` succeeds with a plain env and raises under the shim, so every line below ran with the backend genuinely gone.
  ok   MUTATION: the shape's editable answer goes back to reading `sys.executable`, which resolves through the venv symlink, so a `pip install .` reports itself as an editable checkout — the wheel witness's line -> 1 check(s) fail ['`editable checkout` versus `instal']
proof --backend-free: `import mlx.core` succeeds with a plain env and raises under the shim, so every line below ran with the backend genuinely gone.
  ok   MUTATION: a new module selftest reads the data tree beside the package and joins no table — planted as a real file in `flash/`, because the claim is about what a stranger's child process does on a package-only install, not about an attribute in this one -> 2 check(s) fail ['...and no module dies on a package', 'the same 17 selftests re-run in th']
proof --backend-free: `import mlx.core` succeeds with a plain env and raises under the shim, so every line below ran with the backend genuinely gone.
  ok   MUTATION: one module leaves `VECTOR_DATA` while its guard stays wired, so the table under-claims the package and the sweep's refusals stop matching it -> 3 check(s) fail ['the same 5 guards, at a root that ', 'the table is a claim about the DAT']
proof --backend-free: `import mlx.core` succeeds with a plain env and raises under the shim, so every line below ran with the backend genuinely gone.
  ok   MUTATION: a module's selftest imports the trainer library on its offline path: green on every Mac, red on every other install, which is the exact shape the first ubuntu runner reported — planted as a real file because the claim is about a child process -> 1 check(s) fail ['the same 17 selftests re-run in th']
proof --backend-free: `import mlx.core` succeeds with a plain env and raises under the shim, so every line below ran with the backend genuinely gone.
  ok   MUTATION: the lane's decoder matches on the shape of an output instead of its cause, so every death in every row is forgiven as 'the backend was missing' and a real crash prints REFUSED with a green exit -> 1 check(s) fail ['the decoder reads CAUSES, not word']
proof --backend-free: `import mlx.core` succeeds with a plain env and raises under the shim, so every line below ran with the backend genuinely gone.
  ok   MUTATION: a backend-bound row leaves `REFUSAL['backend']` while the lane keeps refusing it on the machine that has the backend, so the list under-claims and the lane's subtotal is computed against rows that never died here -> 1 check(s) fail ['`battery_reread --backend-free --q']
proof --backend-free: `import mlx.core` succeeds with a plain env and raises under the shim, so every line below ran with the backend genuinely gone.
  ok   MUTATION: `refusal_map` stops asking which lane it is in and opens the backend arm to the plain run, which is the one platform where a backend death might be a bug — §6's totals then come from a run that forgave a row -> 1 check(s) fail ['...and the same killed row is a BA']

backend-free mutants: 14/14 gates defeated by exactly their checks
