# R-7.15 clause 7 live arm, 2026-09-29: a real pseudo-terminal, so the keyboard path is what runs.
# command: python -m flash.cli session --context /tmp/flash-chat-demo --test /tmp/flash-chat-demo/t.py --apply
# turns, in the order they were typed (each only AFTER the previous turn's verdict reached the terminal): 'zero-pad the cents and keep a negative sign in front of the dollar sign, exactly as t.py asserts' / 'make cents_to_str raise ValueError when cents is not an int' / 'quit'
# tree: money.py seeded as cents_to_str(c) -> f"${c / 100}"; oracle t.py 3 asserts, the third one being the negative case
# driver: python benchmarks/session_pty_demo.py --tree /tmp/flash-chat-demo --out <this file>
# child exit code: 1 after 37.3s
# Every line below is stamped at the moment the terminal received it.
[t+  0.00s] zero-pad the cents and keep a negative sign in front of the dollar sign, exactly as t.py asserts
[t+  0.06s] flash session on /tmp/flash-chat-demo against the oracle /tmp/flash-chat-demo/t.py — one ask per line, and each answer arrives before you type the next. `quit` or Ctrl-D ends it.
[t+  2.15s] you> 
[t+  2.17s] 
[t+  2.17s] 
[t+  9.66s] 
[t+  9.66s] 
[t+  9.66s] 
[t+ 19.22s] [turn 1] routed=small tier=failed solved=False attempts=4 (11.2s) patches=1 refused=1 whole=0 outside=0
[t+ 19.22s]   oracle| PATCH REFUSED: money.py:format_dollar — no symbol 'format_dollar' in money.py (it defines: cents_to_str)
[t+ 19.22s] [R-3.2] NOT APPLIED: the task was not solved, so --apply wrote nothing to /tmp/flash-chat-demo
[t+ 19.43s] 
[t+ 19.43s] <<< typed: 'make cents_to_str raise ValueError when cents is not an int'
[t+ 19.43s] you> make cents_to_str raise ValueError when cents is not an int
[t+ 20.34s] 
[t+ 20.34s] 
[t+ 20.34s] 
[t+ 27.91s] 
[t+ 27.92s] 
[t+ 27.92s] 
[t+ 36.83s] [turn 2] routed=small tier=failed solved=False attempts=4 (11.9s) patches=1 refused=0 whole=0 outside=0
[t+ 36.83s]   oracle| FAILING_ASSERT: assert cents_to_str(150) == "$1.50" | GOT: '$1.5' | WANT: '$1.50'
[t+ 37.04s] 
[t+ 37.04s] <<< typed: 'quit'
[t+ 37.04s] [R-3.2] NOT APPLIED: the task was not solved, so --apply wrote nothing to /tmp/flash-chat-demo
[t+ 37.04s] you> quit
[t+ 37.04s] [session] turns=2 solved=0 written=0 seconds=23.1 last_rc=1
[t+ 37.04s] [trace] replay this session:  flash trace show 20260929-144507-session-54e4
=== child exited rc=1 after 37.3s ===
=== final money.py ===
def cents_to_str(cents: int) -> str:
    return f"${cents / 100}"
=== oracle re-run against the bytes now on disk ===
rc=1 Traceback (most recent call last):
  File "<string>", line 6, in <module>
AssertionError
