[trace] session 20260926-033426-run-suite-deda — interrupt me anytime, then: flash resume 20260926-033426-run-suite-deda
Fetching 9 files:   0%|          | 0/9 [00:00<?, ?it/s]Fetching 9 files: 100%|██████████| 9/9 [00:00<00:00, 5256.75it/s]
  [    SMALL] fix01_alias_sort       solved=True attempts=3 (14.6s)
Fetching 9 files:   0%|          | 0/9 [00:00<?, ?it/s]Fetching 9 files: 100%|██████████| 9/9 [00:00<00:00, 5604.03it/s]
  [    SMALL] fix02_stale_accumulator solved=True attempts=1 (3.8s)
Fetching 9 files:   0%|          | 0/9 [00:00<?, ?it/s]Fetching 9 files: 100%|██████████| 9/9 [00:00<00:00, 5267.02it/s]
  [    SMALL] fix03_offby_tail       solved=True attempts=1 (3.1s)
Fetching 9 files:   0%|          | 0/9 [00:00<?, ?it/s]Fetching 9 files: 100%|██████████| 9/9 [00:00<00:00, 5474.80it/s]
  [     SHED] fix04_dict_alias       solved=False attempts=3 (9.1s)
Fetching 9 files:   0%|          | 0/9 [00:00<?, ?it/s]Fetching 9 files: 100%|██████████| 9/9 [00:00<00:00, 5750.00it/s]
  [    SMALL] fix05_int_division     solved=True attempts=1 (2.7s)
Fetching 9 files:   0%|          | 0/9 [00:00<?, ?it/s]Fetching 9 files: 100%|██████████| 9/9 [00:00<00:00, 5632.46it/s]
  [    SMALL] fix06_mutable_default  solved=True attempts=1 (3.7s)
Fetching 9 files:   0%|          | 0/9 [00:00<?, ?it/s]Fetching 9 files: 100%|██████████| 9/9 [00:00<00:00, 5431.47it/s]
  [    SMALL] fix07_shared_row       solved=True attempts=1 (2.3s)
Fetching 9 files:   0%|          | 0/9 [00:00<?, ?it/s]Fetching 9 files: 100%|██████████| 9/9 [00:00<00:00, 5408.90it/s]
  [    SMALL] fix08_dedupe_order     solved=True attempts=1 (3.3s)

solved 7/8   small-tier 7, escalated 0   total 43s (avg 5.3s/task)
[trace] flash trace show 20260926-033426-run-suite-deda
1 task(s) denied escalation by the §34.1 governor (maximum-performance): no shed signal (ac=True, battery=80.0, mem-free=29.0, load/core=0.27)
   rerun with --allow-big always to force the brain on battery/heat
