[trace] session 20260926-033523-run-suite-acae — interrupt me anytime, then: flash resume 20260926-033523-run-suite-acae
Fetching 9 files:   0%|          | 0/9 [00:00<?, ?it/s]Fetching 9 files: 100%|██████████| 9/9 [00:00<00:00, 5019.11it/s]
  [    SMALL] fix01_alias_sort       solved=True attempts=2 (9.7s)
Fetching 9 files:   0%|          | 0/9 [00:00<?, ?it/s]Fetching 9 files: 100%|██████████| 9/9 [00:00<00:00, 5265.55it/s]
  [    SMALL] fix02_stale_accumulator solved=True attempts=1 (3.7s)
Fetching 9 files:   0%|          | 0/9 [00:00<?, ?it/s]Fetching 9 files: 100%|██████████| 9/9 [00:00<00:00, 5696.20it/s]
  [    SMALL] fix03_offby_tail       solved=True attempts=1 (3.1s)
Fetching 9 files:   0%|          | 0/9 [00:00<?, ?it/s]Fetching 9 files: 100%|██████████| 9/9 [00:00<00:00, 5559.46it/s]
  [     SHED] fix04_dict_alias       solved=False attempts=3 (10.2s)
Fetching 9 files:   0%|          | 0/9 [00:00<?, ?it/s]Fetching 9 files: 100%|██████████| 9/9 [00:00<00:00, 5652.70it/s]
  [    SMALL] fix05_int_division     solved=True attempts=1 (2.7s)
Fetching 9 files:   0%|          | 0/9 [00:00<?, ?it/s]Fetching 9 files: 100%|██████████| 9/9 [00:00<00:00, 6102.29it/s]
  [    SMALL] fix06_mutable_default  solved=True attempts=1 (3.7s)
Fetching 9 files:   0%|          | 0/9 [00:00<?, ?it/s]Fetching 9 files: 100%|██████████| 9/9 [00:00<00:00, 5321.97it/s]
  [    SMALL] fix07_shared_row       solved=True attempts=1 (2.3s)
Fetching 9 files:   0%|          | 0/9 [00:00<?, ?it/s]Fetching 9 files: 100%|██████████| 9/9 [00:00<00:00, 5779.93it/s]
  [    SMALL] fix08_dedupe_order     solved=True attempts=1 (3.2s)

solved 7/8   small-tier 7, escalated 0   total 39s (avg 4.8s/task)
[trace] flash trace show 20260926-033523-run-suite-acae
1 task(s) denied escalation by the §34.1 governor (maximum-performance): no shed signal (ac=True, battery=80.0, mem-free=28.0, load/core=0.23)
   rerun with --allow-big always to force the brain on battery/heat
