[trace] session 20260926-033344-run-suite-aa45 — interrupt me anytime, then: flash resume 20260926-033344-run-suite-aa45
Fetching 9 files:   0%|          | 0/9 [00:00<?, ?it/s]Fetching 9 files: 100%|██████████| 9/9 [00:00<00:00, 5366.61it/s]
  [     SHED] fix01_alias_sort       solved=False attempts=1 (4.6s)
Fetching 9 files:   0%|          | 0/9 [00:00<?, ?it/s]Fetching 9 files: 100%|██████████| 9/9 [00:00<00:00, 4999.83it/s]
  [    SMALL] fix02_stale_accumulator solved=True attempts=1 (3.7s)
Fetching 9 files:   0%|          | 0/9 [00:00<?, ?it/s]Fetching 9 files: 100%|██████████| 9/9 [00:00<00:00, 5128.90it/s]
  [    SMALL] fix03_offby_tail       solved=True attempts=1 (3.2s)
Fetching 9 files:   0%|          | 0/9 [00:00<?, ?it/s]Fetching 9 files: 100%|██████████| 9/9 [00:00<00:00, 5484.34it/s]
  [     SHED] fix04_dict_alias       solved=False attempts=1 (2.9s)
Fetching 9 files:   0%|          | 0/9 [00:00<?, ?it/s]Fetching 9 files: 100%|██████████| 9/9 [00:00<00:00, 5434.60it/s]
  [    SMALL] fix05_int_division     solved=True attempts=1 (2.7s)
Fetching 9 files:   0%|          | 0/9 [00:00<?, ?it/s]Fetching 9 files: 100%|██████████| 9/9 [00:00<00:00, 5611.53it/s]
  [    SMALL] fix06_mutable_default  solved=True attempts=1 (3.7s)
Fetching 9 files:   0%|          | 0/9 [00:00<?, ?it/s]Fetching 9 files: 100%|██████████| 9/9 [00:00<00:00, 5722.11it/s]
  [    SMALL] fix07_shared_row       solved=True attempts=1 (2.3s)
Fetching 9 files:   0%|          | 0/9 [00:00<?, ?it/s]Fetching 9 files: 100%|██████████| 9/9 [00:00<00:00, 5610.69it/s]
  [    SMALL] fix08_dedupe_order     solved=True attempts=1 (3.2s)

solved 6/8   small-tier 6, escalated 0   total 26s (avg 3.3s/task)
[trace] flash trace show 20260926-033344-run-suite-aa45
2 task(s) denied escalation by the §34.1 governor (maximum-performance): no shed signal (ac=True, battery=80.0, mem-free=29.0, load/core=0.22)
   rerun with --allow-big always to force the brain on battery/heat
