
=== run-suite --tasks benchmarks/tasks/m3b_hard_tasks.jsonl --attempts 1 --allow-big never ===
[trace] session 20260926-025408-run-suite-c58d — interrupt me anytime, then: flash resume 20260926-025408-run-suite-c58d
Fetching 9 files:   0%|          | 0/9 [00:00<?, ?it/s]Fetching 9 files: 100%|██████████| 9/9 [00:00<00:00, 5140.78it/s]
  [     SHED] h09_iso_duration       solved=False attempts=1 (9.7s)
Fetching 9 files:   0%|          | 0/9 [00:00<?, ?it/s]Fetching 9 files: 100%|██████████| 9/9 [00:00<00:00, 5716.91it/s]
  [     SHED] h10_semver_sort        solved=False attempts=1 (7.5s)
Fetching 9 files:   0%|          | 0/9 [00:00<?, ?it/s]Fetching 9 files: 100%|██████████| 9/9 [00:00<00:00, 5128.21it/s]
  [     SHED] h11_camel_to_snake     solved=False attempts=1 (2.8s)
Fetching 9 files:   0%|          | 0/9 [00:00<?, ?it/s]Fetching 9 files: 100%|██████████| 9/9 [00:00<00:00, 5102.56it/s]
  [     SHED] h12_min_remove_parens  solved=False attempts=1 (5.6s)
Fetching 9 files:   0%|          | 0/9 [00:00<?, ?it/s]Fetching 9 files: 100%|██████████| 9/9 [00:00<00:00, 5318.22it/s]
  [    SMALL] h13_nanp_format        solved=True attempts=1 (5.0s)
Fetching 9 files:   0%|          | 0/9 [00:00<?, ?it/s]Fetching 9 files: 100%|██████████| 9/9 [00:00<00:00, 5140.08it/s]
  [    SMALL] h14_collapse_ranges    solved=True attempts=1 (6.5s)
Fetching 9 files:   0%|          | 0/9 [00:00<?, ?it/s]Fetching 9 files: 100%|██████████| 9/9 [00:00<00:00, 5889.96it/s]
  [     SHED] h15_shell_split        solved=False attempts=1 (6.7s)
Fetching 9 files:   0%|          | 0/9 [00:00<?, ?it/s]Fetching 9 files: 100%|██████████| 9/9 [00:00<00:00, 5811.07it/s]
  [     SHED] h16_invoice_tax        solved=False attempts=1 (7.4s)

solved 2/8   small-tier 2, escalated 0   total 51s (avg 6.4s/task)
[trace] flash trace show 20260926-025408-run-suite-c58d
6 task(s) denied escalation by the §34.1 governor (maximum-performance): no shed signal (ac=True, battery=80.0, mem-free=38.0, load/core=0.28)
   rerun with --allow-big always to force the brain on battery/heat
