[trace] session 20260927-023330-run-suite-cde5 — interrupt me anytime, then: flash resume 20260927-023330-run-suite-cde5
Fetching 9 files:   0%|          | 0/9 [00:00<?, ?it/s]Fetching 9 files: 100%|██████████| 9/9 [00:00<00:00, 5589.92it/s]
  [    SMALL] e01_title_case         solved=True attempts=1 (2.7s) patches=1 refused=0 whole=0 outside=0
Fetching 9 files:   0%|          | 0/9 [00:00<?, ?it/s]Fetching 9 files: 100%|██████████| 9/9 [00:00<00:00, 2712.42it/s]
  [    SMALL] e02_render_truncate    solved=True attempts=1 (3.4s) patches=1 refused=0 whole=0 outside=0
Fetching 9 files:   0%|          | 0/9 [00:00<?, ?it/s]Fetching 9 files: 100%|██████████| 9/9 [00:00<00:00, 6062.11it/s]
  [    SMALL] e03_keep_apostrophes   solved=True attempts=1 (2.9s) patches=1 refused=0 whole=0 outside=0
Fetching 9 files:   0%|          | 0/9 [00:00<?, ?it/s]Fetching 9 files: 100%|██████████| 9/9 [00:00<00:00, 2981.97it/s]
  [    SMALL] e04_box_min_width      solved=True attempts=1 (4.0s) patches=1 refused=0 whole=0 outside=0
Fetching 9 files:   0%|          | 0/9 [00:00<?, ?it/s]Fetching 9 files: 100%|██████████| 9/9 [00:00<00:00, 2962.54it/s]
  [    SMALL] e05_available_minus_reserved solved=True attempts=1 (2.8s) patches=1 refused=0 whole=0 outside=0
Fetching 9 files:   0%|          | 0/9 [00:00<?, ?it/s]Fetching 9 files: 100%|██████████| 9/9 [00:00<00:00, 2823.18it/s]
  [     SHED] e06_tax_rounds_half_up solved=False attempts=2 (6.7s) patches=1 refused=0 whole=0 outside=0
Fetching 9 files:   0%|          | 0/9 [00:00<?, ?it/s]Fetching 9 files: 100%|██████████| 9/9 [00:00<00:00, 6746.87it/s]
  [    SMALL] e07_reorder_threshold  solved=True attempts=1 (2.5s) patches=1 refused=0 whole=0 outside=0
Fetching 9 files:   0%|          | 0/9 [00:00<?, ?it/s]Fetching 9 files: 100%|██████████| 9/9 [00:00<00:00, 4199.90it/s]
  [    SMALL] e08_add_refuses_negative solved=True attempts=1 (3.0s) patches=1 refused=0 whole=0 outside=0
Fetching 9 files:   0%|          | 0/9 [00:00<?, ?it/s]Fetching 9 files: 100%|██████████| 9/9 [00:00<00:00, 2900.40it/s]
  [     SHED] e09_pop_by_priority    solved=False attempts=2 (8.1s) patches=2 refused=0 whole=0 outside=1
Fetching 9 files:   0%|          | 0/9 [00:00<?, ?it/s]Fetching 9 files: 100%|██████████| 9/9 [00:00<00:00, 2536.03it/s]
  [    SMALL] e10_clock_never_negative solved=True attempts=1 (3.9s) patches=1 refused=0 whole=0 outside=0

solved 8/10   small-tier 8, escalated 0   total 40s (avg 4.0s/task)
[R-3.2] 8/10 edit(s) solved in <=1 attempt (gate: >= 8)   1 line(s) touched outside the target symbol (gate: 0)   0 whole-file rewrite(s)   0 refusal round(s)
[trace] flash trace show 20260927-023330-run-suite-cde5
2 task(s) denied escalation by the §34.1 governor (maximum-performance): no shed signal (ac=True, battery=100.0, mem-free=74.0, load/core=0.39)
   rerun with --allow-big always to force the brain on battery/heat
