[trace] session 20260926-105917-run-suite-6386 — interrupt me anytime, then: flash resume 20260926-105917-run-suite-6386
Fetching 9 files:   0%|          | 0/9 [00:00<?, ?it/s]Fetching 9 files: 100%|██████████| 9/9 [00:00<00:00, 4223.40it/s]
  [    SMALL] h01_csv_agg            solved=True attempts=1 (9.3s)  k=3/3 width=4 gens=1 [P] adopted=0
Fetching 9 files:   0%|          | 0/9 [00:00<?, ?it/s]Fetching 9 files: 100%|██████████| 9/9 [00:00<00:00, 1978.45it/s]
  [    SMALL] h02_interval_intersection solved=True attempts=1 (8.3s)  k=3/3 width=4 gens=1 [P] adopted=0
Fetching 9 files:   0%|          | 0/9 [00:00<?, ?it/s]Fetching 9 files: 100%|██████████| 9/9 [00:00<00:00, 1138.66it/s]
  [    SMALL] h03_flatten_keys       solved=True attempts=1 (9.5s)
Fetching 9 files:   0%|          | 0/9 [00:00<?, ?it/s]Fetching 9 files: 100%|██████████| 9/9 [00:00<00:00, 2701.74it/s]
  [    SMALL] h05_topk_stable        solved=True attempts=1 (5.4s)  k=3/3 width=4 gens=1 [P] adopted=0
Fetching 9 files:   0%|          | 0/9 [00:00<?, ?it/s]Fetching 9 files: 100%|██████████| 9/9 [00:00<00:00, 5119.86it/s]
  [     SHED] h04_rle_codec          solved=False attempts=3 (53.0s)  k=3/3 width=4 gens=3 [0/5,0/0,0/5] adopted=-1
Fetching 9 files:   0%|          | 0/9 [00:00<?, ?it/s]Fetching 9 files: 100%|██████████| 9/9 [00:00<00:00, 2219.47it/s]
  [    SMALL] h06_log_error_windows  solved=True attempts=3 (36.1s)  k=3/3 width=4 gens=3 [0/3,0/3,P] adopted=2
Fetching 9 files:   0%|          | 0/9 [00:00<?, ?it/s]Fetching 9 files: 100%|██████████| 9/9 [00:00<00:00, 1429.98it/s]
  [    SMALL] h07_strip_parens       solved=True attempts=1 (6.6s)  k=3/3 width=4 gens=1 [P] adopted=0
Fetching 9 files:   0%|          | 0/9 [00:00<?, ?it/s]Fetching 9 files: 100%|██████████| 9/9 [00:00<00:00, 648.97it/s]
  [    SMALL] h08_settle_fees        solved=True attempts=1 (7.1s)  k=3/3 width=4 gens=1 [P] adopted=0

solved 7/8   small-tier 7, escalated 0   total 135s (avg 16.9s/task)
[R-3.3] 7 tournament task(s): pass@1 5/7  best-of-k 6/7  (+14 pts, gate: >= 8)   11 generation(s) spent
[trace] flash trace show 20260926-105917-run-suite-6386
1 task(s) denied escalation by the §34.1 governor (maximum-performance): no shed signal (ac=True, battery=80.0, mem-free=33.0, load/core=0.49)
   rerun with --allow-big always to force the brain on battery/heat
